[apokrif.fullweb.ru/index.html]
[backblue.gif]
[fade.gif]
[index.html]
[apokrif.fullweb.ru/apocryph1/deyaniya_petra_v_ashdode.html]
[apokrif.fullweb.ru/links/index.html]
[apokrif.fullweb.ru/contacts/index.html]
[apokrif.fullweb.ru/nag_hammadi/index.html]
[apokrif.fullweb.ru/apocryph1/deyaniya_fomi_i_ego_chudotvornaya_koja.html]
[apokrif.fullweb.ru/apocryph2/index.html]
[apokrif.fullweb.ru/apocryph1/index.html]
[apokrif.fullweb.ru/hermes/index.html]
[apokrif.fullweb.ru/gnost/index.html]
[apokrif.fullweb.ru/apocryph1/nastavlenie_petra.html]
[apokrif.fullweb.ru/apocryph1/jitie_Marii_Magdalini.html]
[apokrif.fullweb.ru/apocryph1/istoriya_Iosifa_Arimafeiskogo.html]
[apokrif.fullweb.ru/apocryph1/iscelenie_Tiberiya.html]
[apokrif.fullweb.ru/apocryph1/kniga_Varfolomeya.html]
[apokrif.fullweb.ru/apocryph1/nepodchinenie_Dimasa.html]
[apokrif.fullweb.ru/apocryph1/poklonenie_volhvov.html]
[apokrif.fullweb.ru/apocryph1/propoved_o_jizni_Iisusa_i_ego_lubvi_k_aposto.html]
[apokrif.fullweb.ru/apocryph1/skazanie_o_svyachshennom_krestnom_dreve.html]
[apokrif.fullweb.ru/apocryph1/berlin_strasb_ap.html]
[apokrif.fullweb.ru/apocryph1/gostepriim_dismas.html]
[apokrif.fullweb.ru/apocryph1/jizn_ioanna_krest.html]
[apokrif.fullweb.ru/apocryph1/jitie_ion_krest_by_serap.html]
[apokrif.fullweb.ru/apocryph1/otkrov_volhvov.html]
[apokrif.fullweb.ru/apocryph1/papir_iz_oksir_5072.html]
[apokrif.fullweb.ru/apocryph1/pohvala_ioannu.html]
[apokrif.fullweb.ru/apocryph1/pohval_marii_magdal.html]
[apokrif.fullweb.ru/apocryph1/smert_iudi.html]
[apokrif.fullweb.ru/apocryph1/acts_varnava.html]
[apokrif.fullweb.ru/apocryph1/acts_cornilii_sot.html]
[apokrif.fullweb.ru/apocryph1/acts_timofei.html]
[apokrif.fullweb.ru/apocryph1/acts_tit.html]
[apokrif.fullweb.ru/apocryph1/jitie_svyat_jen.html]
[apokrif.fullweb.ru/apocryph1/iohan_i_razb.html]
[apokrif.fullweb.ru/apocryph1/ist_sim_kif.html]
[apokrif.fullweb.ru/apocryph1/poslan_psevdo_di.html]
[apokrif.fullweb.ru/apocryph1/otkrov_ioanna_ob_antichriste.html]
[apokrif.fullweb.ru/apocryph1/tiburt_sivil.html]
[apokrif.fullweb.ru/apocryph1/prenie.html]
[apokrif.fullweb.ru/gnost/gnost_lit.html]
[apokrif.fullweb.ru/gnost/kniga-ieu2.html]
[apokrif.fullweb.ru/study/shilling-iuda.html]
[apokrif.fullweb.ru/study/adam-shel.html]
[apokrif.fullweb.ru/study/kispel1.html]
[apokrif.fullweb.ru/gnost/kniga-ieu1.html]
[apokrif.fullweb.ru/apocryph1/fragm-arhel.html]
[apokrif.fullweb.ru/kumran/2ways.html]
[apokrif.fullweb.ru/kumran/mess_lider.html]
[apokrif.fullweb.ru/study/logan.html]
[apokrif.fullweb.ru/nag_hammadi/mol-germ-moma.html]
[apokrif.fullweb.ru/nag_hammadi/nh_asklepiy.html]
[apokrif.fullweb.ru/nag_hammadi/2_sif-moma.html]
[apokrif.fullweb.ru/nag_hammadi/ap-adam.html]
[apokrif.fullweb.ru/nag_hammadi/allogen.html]
[apokrif.fullweb.ru/nag_hammadi/apokrif_iak.html]
[apokrif.fullweb.ru/kumran/all.html]
[apokrif.fullweb.ru/index.html]
[apokrif.fullweb.ru/ras.css]
[apokrif.fullweb.ru/news/index.html]
[apokrif.fullweb.ru/about.html]
[counter.rambler.ru/top1000a40.gif]
[apokrif.fullweb.ru/links/index.html]
[apokrif.fullweb.ru/contacts/index.html]
[top-fwz1.mail.ru/counter218b4.gif]
[apokrif.fullweb.ru/nag_hammadi/about_nh.html]
[apokrif.fullweb.ru/nag_hammadi/mol-paul.html]
[apokrif.fullweb.ru/nag_hammadi/ev_istiny.html]
[apokrif.fullweb.ru/nag_hammadi/regin.html]
[apokrif.fullweb.ru/nag_hammadi/ap-john.html]
[apokrif.fullweb.ru/nag_hammadi/3-part-text.html]
[apokrif.fullweb.ru/nag_hammadi/ev-foma.html]
[apokrif.fullweb.ru/study/loginov1.html]
[apokrif.fullweb.ru/nag_hammadi/ev-phil.html]
[apokrif.fullweb.ru/nag_hammadi/archonts.html]
[apokrif.fullweb.ru/nag_hammadi/world.html]
[apokrif.fullweb.ru/nag_hammadi/about_soul.html]
[apokrif.fullweb.ru/nag_hammadi/book_foma.html]
[apokrif.fullweb.ru/nag_hammadi/ap-john_kratk.html]
[apokrif.fullweb.ru/nag_hammadi/ev-eg.html]
[apokrif.fullweb.ru/nag_hammadi/evgnost.html]
[apokrif.fullweb.ru/nag_hammadi/sophia_iisus.html]
[apokrif.fullweb.ru/nag_hammadi/dialog.html]
[apokrif.fullweb.ru/nag_hammadi/apoc_paul.html]
[apokrif.fullweb.ru/nag_hammadi/ap-iak1.html]
[apokrif.fullweb.ru/nag_hammadi/ap-iak1-moma.html]
[apokrif.fullweb.ru/nag_hammadi/ap-iak2.html]
[apokrif.fullweb.ru/nag_hammadi/ap-iak2-moma.html]
[apokrif.fullweb.ru/nag_hammadi/acts.html]
[apokrif.fullweb.ru/nag_hammadi/grom.html]
[apokrif.fullweb.ru/nag_hammadi/podlinnoe.html]
[apokrif.fullweb.ru/nag_hammadi/pon_sila.html]
[apokrif.fullweb.ru/nag_hammadi/nh_platon.html]
[apokrif.fullweb.ru/nag_hammadi/8-9.html]
[apokrif.fullweb.ru/nag_hammadi/mol-germ.html]
[apokrif.fullweb.ru/nag_hammadi/parafras.html]
[apokrif.fullweb.ru/nag_hammadi/2_sif.html]
[apokrif.fullweb.ru/nag_hammadi/apokpetr.html]
[apokrif.fullweb.ru/nag_hammadi/siluan.html]
[apokrif.fullweb.ru/nag_hammadi/stel_sif.html]
[apokrif.fullweb.ru/nag_hammadi/zostrian.html]
[apokrif.fullweb.ru/nag_hammadi/tophil.html]
[apokrif.fullweb.ru/nag_hammadi/melhiz.html]
[apokrif.fullweb.ru/nag_hammadi/noria.html]
[apokrif.fullweb.ru/nag_hammadi/noria2.html]
[apokrif.fullweb.ru/nag_hammadi/svidet.html]
[apokrif.fullweb.ru/nag_hammadi/marsan.html]
[apokrif.fullweb.ru/nag_hammadi/znanie.html]
[apokrif.fullweb.ru/nag_hammadi/valentine.html]
[apokrif.fullweb.ru/nag_hammadi/hips.html]
[apokrif.fullweb.ru/nag_hammadi/sent.html]
[apokrif.fullweb.ru/nag_hammadi/proten.html]
[apokrif.fullweb.ru/nag_hammadi/index.html]
[apokrif.fullweb.ru/apocryph1/agrapha.html]
[apokrif.fullweb.ru/apocryph1/ev-evion.html]
[apokrif.fullweb.ru/apocryph1/ev-evr.html]
[apokrif.fullweb.ru/apocryph1/ev-eva.html]
[apokrif.fullweb.ru/apocryph1/ev-egipt.html]
[apokrif.fullweb.ru/apocryph1/ev-mar.html]
[apokrif.fullweb.ru/apocryph1/ev-nikodim.html]
[apokrif.fullweb.ru/apocryph1/ev-petr.html]
[apokrif.fullweb.ru/apocryph1/ev-phil.html]
[apokrif.fullweb.ru/apocryph1/papirus1.html]
[apokrif.fullweb.ru/apocryph1/papirus2.html]
[apokrif.fullweb.ru/apocryph1/ev_secret_mark.html]
[apokrif.fullweb.ru/apocryph1/ev-arab.html]
[apokrif.fullweb.ru/apocryph1/ev-fom.html]
[apokrif.fullweb.ru/apocryph1/ev-iakov.html]
[apokrif.fullweb.ru/apocryph1/ev-psmatf.html]
[apokrif.fullweb.ru/apocryph1/arm_varfol.html]
[apokrif.fullweb.ru/apocryph1/acts_andrey-and-matafia.html]
[apokrif.fullweb.ru/apocryph1/act_bartolomey.html]
[apokrif.fullweb.ru/apocryph1/acts_petr-andrey.html]
[apokrif.fullweb.ru/apocryph1/act_john.html]
[apokrif.fullweb.ru/apocryph1/act_joann_prohor.html]
[apokrif.fullweb.ru/apocryph1/act_matafia.html]
[apokrif.fullweb.ru/apocryph1/act_pavel.html]
[apokrif.fullweb.ru/apocryph1/fekla.html]
[apokrif.fullweb.ru/apocryph1/acts_faddey2.html]
[apokrif.fullweb.ru/apocryph1/act_philip.html]
[apokrif.fullweb.ru/apocryph1/acts_foma.html]
[apokrif.fullweb.ru/apocryph1/gimn.html]
[apokrif.fullweb.ru/apocryph1/gimn2.html]
[apokrif.fullweb.ru/apocryph1/foma-6.html]
[apokrif.fullweb.ru/apocryph1/m_pavel.html]
[apokrif.fullweb.ru/apocryph1/acts_andrey1.html]
[apokrif.fullweb.ru/apocryph1/acts_faddey1.html]
[apokrif.fullweb.ru/apocryph1/petropavel1.html]
[apokrif.fullweb.ru/apocryph1/petropavel2.html]
[apokrif.fullweb.ru/apocryph1/kifa.html]
[apokrif.fullweb.ru/apocryph1/iohan.html]
[apokrif.fullweb.ru/apocryph1/kliment-to-devstv1.html]
[apokrif.fullweb.ru/apocryph1/kliment-to-devstv2.html]
[apokrif.fullweb.ru/apocryph1/kliment-to-korinf1.html]
[apokrif.fullweb.ru/apocryph1/kliment-to-korinf2.html]
[apokrif.fullweb.ru/apocryph1/let_varnav.html]
[apokrif.fullweb.ru/apocryph1/petr-to-iakov.html]
[apokrif.fullweb.ru/apocryph1/posl_12_apost.html]
[apokrif.fullweb.ru/apocryph1/let-laod.html]
[apokrif.fullweb.ru/apocryph1/kliment-to-iakov.html]
[apokrif.fullweb.ru/apocryph1/pavel-to-corinf3.html]
[apokrif.fullweb.ru/apocryph1/dionisii-to-dorofei.html]
[apokrif.fullweb.ru/apocryph1/dionisii-to-ioann.html]
[apokrif.fullweb.ru/apocryph1/dionisii-to-polikarp.html]
[apokrif.fullweb.ru/apocryph1/dionisii-to-sosipatr.html]
[apokrif.fullweb.ru/apocryph1/dionisii-to-timofei.html]
[apokrif.fullweb.ru/apocryph1/dionisii-to-tit.html]
[apokrif.fullweb.ru/apocryph1/dionisii-to-ferapevt.html]
[apokrif.fullweb.ru/apocryph1/ap-petr.html]
[apokrif.fullweb.ru/apocryph1/ap-petr2.html]
[apokrif.fullweb.ru/apocryph1/ap_pavel.html]
[apokrif.fullweb.ru/apocryph1/ap-ioann.html]
[apokrif.fullweb.ru/apocryph1/hozden.html]
[apokrif.fullweb.ru/apocryph1/didache.html]
[apokrif.fullweb.ru/apocryph1/apost-postanovl.html]
[apokrif.fullweb.ru/apocryph1/germa.html]
[apokrif.fullweb.ru/apocryph1/pravila_apost.html]
[apokrif.fullweb.ru/apocryph1/in_patn_lasar.html]
[apokrif.fullweb.ru/apocryph1/slovo_zlatoust.html]
[apokrif.fullweb.ru/apocryph1/galeno_hipp.html]
[apokrif.fullweb.ru/apocryph1/gomilia_michail.html]
[apokrif.fullweb.ru/apocryph1/grigor_magistr_otvet.html]
[apokrif.fullweb.ru/apocryph1/ev_matf2.html]
[apokrif.fullweb.ru/apocryph1/tri_svatitel.html]
[apokrif.fullweb.ru/apocryph1/iosif-plotnik.html]
[apokrif.fullweb.ru/apocryph1/priest-ih.html]
[apokrif.fullweb.ru/apocryph1/soshestv.html]
[apokrif.fullweb.ru/apocryph1/pilat1.html]
[apokrif.fullweb.ru/apocryph1/pavel_seneka.html]
[apokrif.fullweb.ru/apocryph1/prokula-to-silvii.html]
[apokrif.fullweb.ru/apocryph1/lentul-to-senat.html]
[apokrif.fullweb.ru/apocryph1/posl_pilata.html]
[apokrif.fullweb.ru/apocryph1/otvet_tiveriy_pilatu.html]
[apokrif.fullweb.ru/apocryph1/12_patnic.html]
[apokrif.fullweb.ru/apocryph1/krestnoe_derevo.html]
[apokrif.fullweb.ru/apocryph1/krestitel_vo_ad.html]
[apokrif.fullweb.ru/apocryph1/osud_marfa_pilat.html]
[apokrif.fullweb.ru/apocryph1/pilat2.html]
[apokrif.fullweb.ru/apocryph1/afroditian.html]
[apokrif.fullweb.ru/apocryph1/bogomil.html]
[apokrif.fullweb.ru/apocryph1/agapi1.html]
[apokrif.fullweb.ru/apocryph1/andr_yurodiv.html]
[apokrif.fullweb.ru/apocryph1/nikita.html]
[apokrif.fullweb.ru/apocryph1/fedor_tiron.html]
[apokrif.fullweb.ru/apocryph1/kliment_orhid.html]
[apokrif.fullweb.ru/apocryph1/isrechen_egip.html]
[apokrif.fullweb.ru/apocryph1/skazan_makarii.html]
[apokrif.fullweb.ru/apocryph1/kanon_muratory.html]
[apokrif.fullweb.ru/apocryph1/iisus_avgar.html]
[apokrif.fullweb.ru/apocryph1/edes_chronika.html]
[apokrif.fullweb.ru/apocryph1/index.html]
[apokrif.fullweb.ru/apocryph2/ap-bar.html]
[apokrif.fullweb.ru/apocryph2/baruh2.html]
[apokrif.fullweb.ru/apocryph2/ap_sedrax.html]
[apokrif.fullweb.ru/apocryph2/ap-ezd.html]
[apokrif.fullweb.ru/apocryph2/enoh.html]
[apokrif.fullweb.ru/apocryph2/ap_ilia.html]
[apokrif.fullweb.ru/apocryph2/ap-mos2.html]
[apokrif.fullweb.ru/apocryph2/agada_solomon.html]
[apokrif.fullweb.ru/apocryph2/apokrif_ieremii.html]
[apokrif.fullweb.ru/apocryph2/vozn_enoch.html]
[apokrif.fullweb.ru/apocryph2/ap-mos.html]
[apokrif.fullweb.ru/apocryph2/vozn_is.html]
[apokrif.fullweb.ru/apocryph2/adam_eva_lat.html]
[apokrif.fullweb.ru/apocryph2/adam_eva_slav.html]
[apokrif.fullweb.ru/apocryph2/moisey.html]
[apokrif.fullweb.ru/apocryph2/ts-abr.html]
[apokrif.fullweb.ru/apocryph2/zav-moisey.html]
[apokrif.fullweb.ru/apocryph2/zav-12.html]
[apokrif.fullweb.ru/apocryph2/book_ahiahars.html]
[apokrif.fullweb.ru/apocryph2/jubilees.html]
[apokrif.fullweb.ru/apocryph2/much_isaii.html]
[apokrif.fullweb.ru/apocryph2/arist_to_filokrat.html]
[apokrif.fullweb.ru/apocryph2/adameva.html]
[apokrif.fullweb.ru/apocryph2/potop.html]
[apokrif.fullweb.ru/apocryph2/iosif_asenefa.html]
[apokrif.fullweb.ru/apocryph2/asenef_sir_vers.html]
[apokrif.fullweb.ru/apocryph2/solomon1.html]
[apokrif.fullweb.ru/apocryph2/melchis1.html]
[apokrif.fullweb.ru/apocryph2/adam.html]
[apokrif.fullweb.ru/apocryph2/david1.html]
[apokrif.fullweb.ru/apocryph2/zorov.html]
[apokrif.fullweb.ru/apocryph2/solomon2.html]
[apokrif.fullweb.ru/apocryph2/lachish_pism.html]
[apokrif.fullweb.ru/apocryph2/bilam.html]
[apokrif.fullweb.ru/apocryph2/index.html]
[apokrif.fullweb.ru/hermes/hermes1.html]
[apokrif.fullweb.ru/hermes/germ1.html]
[apokrif.fullweb.ru/hermes/germ2.html]
[apokrif.fullweb.ru/hermes/germ3.html]
[apokrif.fullweb.ru/hermes/germ4.html]
[apokrif.fullweb.ru/hermes/germ5.html]
[apokrif.fullweb.ru/hermes/germ6.html]
[apokrif.fullweb.ru/hermes/germ7.html]
[apokrif.fullweb.ru/hermes/germ8.html]
[apokrif.fullweb.ru/hermes/germ9.html]
[apokrif.fullweb.ru/hermes/germ10.html]
[apokrif.fullweb.ru/hermes/germ11.html]
[apokrif.fullweb.ru/hermes/germ12.html]
[apokrif.fullweb.ru/hermes/germ13.html]
[apokrif.fullweb.ru/hermes/germ14.html]
[apokrif.fullweb.ru/hermes/germ16.html]
[apokrif.fullweb.ru/hermes/germ17.html]
[apokrif.fullweb.ru/hermes/germ18.html]
[apokrif.fullweb.ru/hermes/asklepy.html]
[apokrif.fullweb.ru/hermes/tablica.html]
[apokrif.fullweb.ru/hermes/germ_1.html]
[apokrif.fullweb.ru/hermes/germ_2.html]
[apokrif.fullweb.ru/hermes/germ_3.html]
[apokrif.fullweb.ru/hermes/germ_4.html]
[apokrif.fullweb.ru/hermes/germ_5.html]
[apokrif.fullweb.ru/hermes/icida_to_gor.html]
[apokrif.fullweb.ru/hermes/index.html]
[apokrif.fullweb.ru/hermes/germ_6.html]
[apokrif.fullweb.ru/gnost/mand_lit.html]
[apokrif.fullweb.ru/gnost/manich_lit.html]
[apokrif.fullweb.ru/gnost/index.html]
[counter.rambler.ru/top1003959.gif]
[apokrif.fullweb.ru/study/index.html]
[apokrif.fullweb.ru/kumran/index.html]
[apokrif.fullweb.ru/apocryph1/deyaniya_petra_v_ashdode.html]
[apokrif.fullweb.ru/apocryph1/deyaniya_fomi_i_ego_chudotvornaya_koja.html]
[apokrif.fullweb.ru/apocryph1/nastavlenie_petra.html]
[apokrif.fullweb.ru/apocryph1/jitie_Marii_Magdalini.html]
[apokrif.fullweb.ru/apocryph1/istoriya_Iosifa_Arimafeiskogo.html]
[apokrif.fullweb.ru/apocryph1/iscelenie_Tiberiya.html]
[apokrif.fullweb.ru/apocryph1/kniga_Varfolomeya.html]
[apokrif.fullweb.ru/apocryph1/nepodchinenie_Dimasa.html]
[apokrif.fullweb.ru/apocryph1/poklonenie_volhvov.html]
[apokrif.fullweb.ru/apocryph1/propoved_o_jizni_Iisusa_i_ego_lubvi_k_aposto.html]
[apokrif.fullweb.ru/apocryph1/skazanie_o_svyachshennom_krestnom_dreve.html]
[apokrif.fullweb.ru/apocryph1/berlin_strasb_ap.html]
[apokrif.fullweb.ru/apocryph1/gostepriim_dismas.html]
[apokrif.fullweb.ru/apocryph1/jizn_ioanna_krest.html]
[apokrif.fullweb.ru/apocryph1/jitie_ion_krest_by_serap.html]
[apokrif.fullweb.ru/apocryph1/otkrov_volhvov.html]
[apokrif.fullweb.ru/apocryph1/papir_iz_oksir_5072.html]
[apokrif.fullweb.ru/apocryph1/pohvala_ioannu.html]
[apokrif.fullweb.ru/apocryph1/pohval_marii_magdal.html]
[apokrif.fullweb.ru/apocryph1/stranstviya_petra.shtml]
[apokrif.fullweb.ru/apocryph1/jitie_iudi.shtml]
[apokrif.fullweb.ru/apocryph1/rech_spasitelya_i_tanec.shtml]
[apokrif.fullweb.ru/apocryph1/smert_iudi.html]
[apokrif.fullweb.ru/apocryph1/acts_varnava.html]
[apokrif.fullweb.ru/apocryph1/acts_cornilii_sot.html]
[apokrif.fullweb.ru/apocryph1/acts_timofei.html]
[apokrif.fullweb.ru/apocryph1/acts_tit.html]
[apokrif.fullweb.ru/apocryph1/jitie_svyat_jen.html]
[apokrif.fullweb.ru/apocryph1/iohan_i_razb.html]
[apokrif.fullweb.ru/apocryph1/ist_sim_kif.html]
[apokrif.fullweb.ru/apocryph1/poslan_psevdo_di.html]
[apokrif.fullweb.ru/apocryph1/otkrov_ioanna_ob_antichriste.html]
[apokrif.fullweb.ru/apocryph1/tiburt_sivil.html]
[apokrif.fullweb.ru/apocryph1/prenie.html]
[apokrif.fullweb.ru/apocryph1/skaz_o_30_serebr.shtml]
[apokrif.fullweb.ru/gnost/Pistis_Sophia_predisl_literatur_per_komm_i_tablici_A_Moma_2009.doc]
[apokrif.fullweb.ru/gnost/about_pistis.html]
[apokrif.fullweb.ru/gnost/pistis_book1.html]
[apokrif.fullweb.ru/gnost/pistis_book2.html]
[apokrif.fullweb.ru/gnost/pistis_book3.html]
[apokrif.fullweb.ru/gnost/pistis_book4.html]
[apokrif.fullweb.ru/gnost/comment_pistis.html]
[apokrif.fullweb.ru/gnost/pistis1.html]
[apokrif.fullweb.ru/gnost/pistis2.html]
[apokrif.fullweb.ru/gnost/pistis3.html]
[apokrif.fullweb.ru/gnost/pistis4.html]
[apokrif.fullweb.ru/gnost/pistis5.html]
[apokrif.fullweb.ru/gnost/oda_solomon.html]
[apokrif.fullweb.ru/gnost/oda_solomon_c.html]
[apokrif.fullweb.ru/gnost/komments-ieu1.html]
[apokrif.fullweb.ru/gnost/komments-ieu2.html]
[apokrif.fullweb.ru/gnost/cb_text1.html]
[apokrif.fullweb.ru/gnost/put_d.html]
[apokrif.fullweb.ru/gnost/gnost_molitva2.html]
[apokrif.fullweb.ru/gnost/ev_maria_gnost.html]
[apokrif.fullweb.ru/gnost/b_petr1.html]
[apokrif.fullweb.ru/gnost/beseda_iisus.html]
[apokrif.fullweb.ru/gnost/gnost_lit.html]
[apokrif.fullweb.ru/gnost/mol_iosif.html]
[apokrif.fullweb.ru/gnost/ev-iuda.shtml]
[apokrif.fullweb.ru/gnost/about-ev-iuda.shtml]
[apokrif.fullweb.ru/gnost/47.jpg]
[apokrif.fullweb.ru/gnost/48-(kript).jpg]
[apokrif.fullweb.ru/gnost/49.jpg]
[apokrif.fullweb.ru/gnost/50-(kript).jpg]
[apokrif.fullweb.ru/gnost/51.jpg]
[apokrif.fullweb.ru/gnost/52-(kript).jpg]
[apokrif.fullweb.ru/gnost/53.jpg]
[apokrif.fullweb.ru/gnost/54.jpg]
[apokrif.fullweb.ru/gnost/55.jpg]
[apokrif.fullweb.ru/gnost/56.jpg]
[apokrif.fullweb.ru/gnost/57.jpg]
[apokrif.fullweb.ru/gnost/58.jpg]
[apokrif.fullweb.ru/gnost/59.jpg]
[apokrif.fullweb.ru/gnost/60.jpg]
[apokrif.fullweb.ru/gnost/61.jpg]
[apokrif.fullweb.ru/gnost/62.jpg]
[apokrif.fullweb.ru/gnost/63.jpg]
[apokrif.fullweb.ru/gnost/64.jpg]
[apokrif.fullweb.ru/gnost/65.jpg]
[apokrif.fullweb.ru/gnost/66.jpg]
[apokrif.fullweb.ru/gnost/67.jpg]
[apokrif.fullweb.ru/gnost/68.jpg]
[apokrif.fullweb.ru/gnost/kniga-ieu2.html]
[apokrif.fullweb.ru/study/shilling-iuda.html]
[apokrif.fullweb.ru/study/adam-shel.html]
[apokrif.fullweb.ru/study/kispel1.html]
[apokrif.fullweb.ru/gnost/69.jpg]
[apokrif.fullweb.ru/gnost/01.jpg]
[apokrif.fullweb.ru/gnost/02.jpg]
[apokrif.fullweb.ru/gnost/03.jpg]
[apokrif.fullweb.ru/gnost/04.jpg]
[apokrif.fullweb.ru/gnost/05.jpg]
[apokrif.fullweb.ru/gnost/06.jpg]
[apokrif.fullweb.ru/gnost/07.jpg]
[apokrif.fullweb.ru/gnost/08.jpg]
[apokrif.fullweb.ru/gnost/09.jpg]
[apokrif.fullweb.ru/gnost/10.jpg]
[apokrif.fullweb.ru/gnost/11.jpg]
[apokrif.fullweb.ru/gnost/12.jpg]
[apokrif.fullweb.ru/gnost/13.jpg]
[apokrif.fullweb.ru/gnost/14.jpg]
[apokrif.fullweb.ru/gnost/15.jpg]
[apokrif.fullweb.ru/gnost/16.jpg]
[apokrif.fullweb.ru/gnost/17.jpg]
[apokrif.fullweb.ru/gnost/18.jpg]
[apokrif.fullweb.ru/gnost/19.jpg]
[apokrif.fullweb.ru/gnost/20.jpg]
[apokrif.fullweb.ru/gnost/21.jpg]
[apokrif.fullweb.ru/gnost/22.jpg]
[apokrif.fullweb.ru/gnost/23.jpg]
[apokrif.fullweb.ru/gnost/24.jpg]
[apokrif.fullweb.ru/gnost/25.jpg]
[apokrif.fullweb.ru/gnost/26.jpg]
[apokrif.fullweb.ru/gnost/27.jpg]
[apokrif.fullweb.ru/gnost/28.jpg]
[apokrif.fullweb.ru/gnost/29.jpg]
[apokrif.fullweb.ru/gnost/30.jpg]
[apokrif.fullweb.ru/gnost/31.jpg]
[apokrif.fullweb.ru/gnost/32.jpg]
[apokrif.fullweb.ru/gnost/33.jpg]
[apokrif.fullweb.ru/gnost/35-(kript).jpg]
[apokrif.fullweb.ru/gnost/34.jpg]
[apokrif.fullweb.ru/gnost/36.jpg]
[apokrif.fullweb.ru/gnost/37.jpg]
[apokrif.fullweb.ru/gnost/39.jpg]
[apokrif.fullweb.ru/gnost/40.jpg]
[apokrif.fullweb.ru/gnost/41.jpg]
[apokrif.fullweb.ru/gnost/43.jpg]
[apokrif.fullweb.ru/gnost/44.jpg]
[apokrif.fullweb.ru/gnost/45-(kript).jpg]
[apokrif.fullweb.ru/gnost/kniga-ieu1.html]
[apokrif.fullweb.ru/apocryph1/fragm-arhel.html]
[apokrif.fullweb.ru/kumran/2ways.html]
[apokrif.fullweb.ru/kumran/mess_lider.html]
[apokrif.fullweb.ru/study/logan.html]
[apokrif.fullweb.ru/nag_hammadi/mol-germ-moma.html]
[apokrif.fullweb.ru/nag_hammadi/nh_asklepiy.html]
[apokrif.fullweb.ru/nag_hammadi/2_sif-moma.html]
[apokrif.fullweb.ru/gnost/46-(kript).jpg]
[apokrif.fullweb.ru/nag_hammadi/ap-adam.html]
[apokrif.fullweb.ru/nag_hammadi/allogen.html]
[apokrif.fullweb.ru/nag_hammadi/apokrif_iak.html]
[apokrif.fullweb.ru/kumran/all.html]
[apokrif.fullweb.ru/about.html]
[top100.rambler.ru/top100/index.html]
[apokrif.fullweb.ru/nag_hammadi/about_nh.html]
[apokrif.fullweb.ru/nag_hammadi/mol-paul.html]
[apokrif.fullweb.ru/nag_hammadi/ev_istiny.html]
[apokrif.fullweb.ru/nag_hammadi/regin.html]
[apokrif.fullweb.ru/nag_hammadi/3-part-text.html]
[apokrif.fullweb.ru/nag_hammadi/ap-john.html]
[apokrif.fullweb.ru/nag_hammadi/ev-foma.html]
[apokrif.fullweb.ru/study/loginov1.html]
[apokrif.fullweb.ru/nag_hammadi/ev-phil.html]
[apokrif.fullweb.ru/nag_hammadi/archonts.html]
[apokrif.fullweb.ru/nag_hammadi/world.html]
[apokrif.fullweb.ru/nag_hammadi/about_soul.html]
[apokrif.fullweb.ru/nag_hammadi/book_foma.html]
[apokrif.fullweb.ru/nag_hammadi/ap-john_kratk.html]
[apokrif.fullweb.ru/nag_hammadi/ev-eg.html]
[apokrif.fullweb.ru/nag_hammadi/evgnost.html]
[apokrif.fullweb.ru/nag_hammadi/sophia_iisus.html]
[apokrif.fullweb.ru/nag_hammadi/dialog.html]
[apokrif.fullweb.ru/nag_hammadi/apoc_paul.html]
[apokrif.fullweb.ru/nag_hammadi/ap-iak1.html]
[apokrif.fullweb.ru/nag_hammadi/ap-iak1-moma.html]
[apokrif.fullweb.ru/nag_hammadi/ap-iak2.html]
[apokrif.fullweb.ru/nag_hammadi/ap-iak2-moma.html]
[apokrif.fullweb.ru/nag_hammadi/acts.html]
[apokrif.fullweb.ru/nag_hammadi/grom.html]
[apokrif.fullweb.ru/nag_hammadi/podlinnoe.html]
[apokrif.fullweb.ru/nag_hammadi/pon_sila.html]
[apokrif.fullweb.ru/nag_hammadi/nh_platon.html]
[apokrif.fullweb.ru/nag_hammadi/8-9.html]
[apokrif.fullweb.ru/nag_hammadi/mol-germ.html]
[apokrif.fullweb.ru/nag_hammadi/parafras.html]
[apokrif.fullweb.ru/nag_hammadi/2_sif.html]
[apokrif.fullweb.ru/nag_hammadi/apokpetr.html]
[apokrif.fullweb.ru/nag_hammadi/siluan.html]
[apokrif.fullweb.ru/nag_hammadi/stel_sif.html]
[apokrif.fullweb.ru/nag_hammadi/zostrian.html]
[apokrif.fullweb.ru/nag_hammadi/tophil.html]
[apokrif.fullweb.ru/nag_hammadi/melhiz.html]
[apokrif.fullweb.ru/nag_hammadi/noria.html]
[apokrif.fullweb.ru/nag_hammadi/noria2.html]
[apokrif.fullweb.ru/nag_hammadi/svidet.html]
[apokrif.fullweb.ru/nag_hammadi/marsan.html]
[apokrif.fullweb.ru/nag_hammadi/znanie.html]
[apokrif.fullweb.ru/nag_hammadi/valentine.html]
[apokrif.fullweb.ru/nag_hammadi/hips.html]
[apokrif.fullweb.ru/nag_hammadi/sent.html]
[apokrif.fullweb.ru/nag_hammadi/proten.html]
[apokrif.fullweb.ru/apocryph1/agrapha.html]
[apokrif.fullweb.ru/apocryph1/ev-evion.html]
[apokrif.fullweb.ru/apocryph1/ev-evr.html]
[apokrif.fullweb.ru/apocryph1/ev-eva.html]
[apokrif.fullweb.ru/apocryph1/ev-egipt.html]
[apokrif.fullweb.ru/apocryph1/ev-mar.html]
[apokrif.fullweb.ru/apocryph1/ev-nikodim.html]
[apokrif.fullweb.ru/apocryph1/ev-petr.html]
[apokrif.fullweb.ru/apocryph1/ev-phil.html]
[apokrif.fullweb.ru/apocryph1/papirus1.html]
[apokrif.fullweb.ru/apocryph1/papirus2.html]
[apokrif.fullweb.ru/apocryph1/ev_secret_mark.html]
[apokrif.fullweb.ru/apocryph1/ev-arab.html]
[apokrif.fullweb.ru/apocryph1/ev-fom.html]
[apokrif.fullweb.ru/apocryph1/ev-iakov.html]
[apokrif.fullweb.ru/apocryph1/ev-psmatf.html]
[apokrif.fullweb.ru/apocryph1/arm_varfol.html]
[apokrif.fullweb.ru/apocryph1/acts_andrey-and-matafia.html]
[apokrif.fullweb.ru/apocryph1/act_bartolomey.html]
[apokrif.fullweb.ru/apocryph1/acts_petr-andrey.html]
[apokrif.fullweb.ru/apocryph1/act_john.html]
[apokrif.fullweb.ru/apocryph1/act_joann_prohor.html]
[apokrif.fullweb.ru/apocryph1/act_matafia.html]
[apokrif.fullweb.ru/apocryph1/act_pavel.html]
[apokrif.fullweb.ru/apocryph1/fekla.html]
[apokrif.fullweb.ru/apocryph1/acts_faddey2.html]
[apokrif.fullweb.ru/apocryph1/act_philip.html]
[apokrif.fullweb.ru/apocryph1/acts_foma.html]
[apokrif.fullweb.ru/apocryph1/gimn.html]
[apokrif.fullweb.ru/apocryph1/gimn2.html]
[apokrif.fullweb.ru/apocryph1/foma-6.html]
[apokrif.fullweb.ru/apocryph1/m_pavel.html]
[apokrif.fullweb.ru/apocryph1/acts_andrey1.html]
[apokrif.fullweb.ru/apocryph1/acts_faddey1.html]
[apokrif.fullweb.ru/apocryph1/petropavel1.html]
[apokrif.fullweb.ru/apocryph1/petropavel2.html]
[apokrif.fullweb.ru/apocryph1/kifa.html]
[apokrif.fullweb.ru/apocryph1/iohan.html]
[apokrif.fullweb.ru/apocryph1/kliment-to-devstv1.html]
[apokrif.fullweb.ru/apocryph1/kliment-to-devstv2.html]
[apokrif.fullweb.ru/apocryph1/kliment-to-korinf1.html]
[apokrif.fullweb.ru/apocryph1/kliment-to-korinf2.html]
[apokrif.fullweb.ru/apocryph1/let_varnav.html]
[apokrif.fullweb.ru/apocryph1/petr-to-iakov.html]
[apokrif.fullweb.ru/apocryph1/posl_12_apost.html]
[apokrif.fullweb.ru/apocryph1/let-laod.html]
[apokrif.fullweb.ru/apocryph1/kliment-to-iakov.html]
[apokrif.fullweb.ru/apocryph1/pavel-to-corinf3.html]
[apokrif.fullweb.ru/apocryph1/dionisii-to-dorofei.html]
[apokrif.fullweb.ru/apocryph1/dionisii-to-ioann.html]
[apokrif.fullweb.ru/apocryph1/dionisii-to-polikarp.html]
[apokrif.fullweb.ru/apocryph1/dionisii-to-sosipatr.html]
[apokrif.fullweb.ru/apocryph1/dionisii-to-timofei.html]
[apokrif.fullweb.ru/apocryph1/dionisii-to-tit.html]
[apokrif.fullweb.ru/apocryph1/dionisii-to-ferapevt.html]
[apokrif.fullweb.ru/apocryph1/ap-petr.html]
[apokrif.fullweb.ru/apocryph1/ap-petr2.html]
[apokrif.fullweb.ru/apocryph1/ap_pavel.html]
[apokrif.fullweb.ru/apocryph1/ap-ioann.html]
[apokrif.fullweb.ru/apocryph1/hozden.html]
[apokrif.fullweb.ru/apocryph1/apost-postanovl.html]
[apokrif.fullweb.ru/apocryph1/didache.html]
[apokrif.fullweb.ru/apocryph1/germa.html]
[apokrif.fullweb.ru/apocryph1/pravila_apost.html]
[apokrif.fullweb.ru/apocryph1/in_patn_lasar.html]
[apokrif.fullweb.ru/apocryph1/slovo_zlatoust.html]
[apokrif.fullweb.ru/apocryph1/galeno_hipp.html]
[apokrif.fullweb.ru/apocryph1/gomilia_michail.html]
[apokrif.fullweb.ru/apocryph1/grigor_magistr_otvet.html]
[apokrif.fullweb.ru/apocryph1/ev_matf2.html]
[apokrif.fullweb.ru/apocryph1/tri_svatitel.html]
[apokrif.fullweb.ru/apocryph1/iosif-plotnik.html]
[apokrif.fullweb.ru/apocryph1/priest-ih.html]
[apokrif.fullweb.ru/apocryph1/soshestv.html]
[apokrif.fullweb.ru/apocryph1/pilat1.html]
[apokrif.fullweb.ru/apocryph1/pavel_seneka.html]
[apokrif.fullweb.ru/apocryph1/prokula-to-silvii.html]
[apokrif.fullweb.ru/apocryph1/lentul-to-senat.html]
[apokrif.fullweb.ru/apocryph1/posl_pilata.html]
[apokrif.fullweb.ru/apocryph1/otvet_tiveriy_pilatu.html]
[apokrif.fullweb.ru/apocryph1/12_patnic.html]
[apokrif.fullweb.ru/apocryph1/krestnoe_derevo.html]
[apokrif.fullweb.ru/apocryph1/krestitel_vo_ad.html]
[apokrif.fullweb.ru/apocryph1/osud_marfa_pilat.html]
[apokrif.fullweb.ru/apocryph1/pilat2.html]
[apokrif.fullweb.ru/apocryph1/afroditian.html]
[apokrif.fullweb.ru/apocryph1/bogomil.html]
[apokrif.fullweb.ru/apocryph1/andr_yurodiv.html]
[apokrif.fullweb.ru/apocryph1/agapi1.html]
[apokrif.fullweb.ru/apocryph1/nikita.html]
[apokrif.fullweb.ru/apocryph1/fedor_tiron.html]
[apokrif.fullweb.ru/apocryph1/isrechen_egip.html]
[apokrif.fullweb.ru/apocryph1/kliment_orhid.html]
[apokrif.fullweb.ru/apocryph1/skazan_makarii.html]
[apokrif.fullweb.ru/apocryph1/kanon_muratory.html]
[apokrif.fullweb.ru/apocryph1/iisus_avgar.html]
[apokrif.fullweb.ru/apocryph1/edes_chronika.html]
[apokrif.fullweb.ru/apocryph2/ap-bar.html]
[apokrif.fullweb.ru/apocryph2/baruh2.html]
[apokrif.fullweb.ru/apocryph2/ap_sedrax.html]
[apokrif.fullweb.ru/apocryph2/ap-ezd.html]
[apokrif.fullweb.ru/apocryph2/enoh.html]
[apokrif.fullweb.ru/apocryph2/ap_ilia.html]
[apokrif.fullweb.ru/apocryph2/ap-mos2.html]
[apokrif.fullweb.ru/apocryph2/agada_solomon.html]
[apokrif.fullweb.ru/apocryph2/apokrif_ieremii.html]
[apokrif.fullweb.ru/apocryph2/vozn_enoch.html]
[apokrif.fullweb.ru/apocryph2/ap-mos.html]
[apokrif.fullweb.ru/apocryph2/vozn_is.html]
[apokrif.fullweb.ru/apocryph2/adam_eva_lat.html]
[apokrif.fullweb.ru/apocryph2/adam_eva_slav.html]
[apokrif.fullweb.ru/apocryph2/moisey.html]
[apokrif.fullweb.ru/apocryph2/ts-abr.html]
[apokrif.fullweb.ru/apocryph2/zav-12.html]
[apokrif.fullweb.ru/apocryph2/zav-moisey.html]
[apokrif.fullweb.ru/apocryph2/book_ahiahars.html]
[apokrif.fullweb.ru/apocryph2/jubilees.html]
[apokrif.fullweb.ru/apocryph2/much_isaii.html]
[apokrif.fullweb.ru/apocryph2/arist_to_filokrat.html]
[apokrif.fullweb.ru/apocryph2/adameva.html]
[apokrif.fullweb.ru/apocryph2/potop.html]
[apokrif.fullweb.ru/apocryph2/iosif_asenefa.html]
[apokrif.fullweb.ru/apocryph2/asenef_sir_vers.html]
[apokrif.fullweb.ru/apocryph2/solomon1.html]
[apokrif.fullweb.ru/apocryph2/melchis1.html]
[apokrif.fullweb.ru/apocryph2/adam.html]
[apokrif.fullweb.ru/apocryph2/david1.html]
[apokrif.fullweb.ru/apocryph2/zorov.html]
[apokrif.fullweb.ru/apocryph2/solomon2.html]
[apokrif.fullweb.ru/apocryph2/lachish_pism.html]
[apokrif.fullweb.ru/apocryph2/bilam.html]
[apokrif.fullweb.ru/hermes/hermes1.html]
[apokrif.fullweb.ru/hermes/germ1.html]
[apokrif.fullweb.ru/hermes/germ2.html]
[apokrif.fullweb.ru/hermes/germ3.html]
[apokrif.fullweb.ru/hermes/germ4.html]
[apokrif.fullweb.ru/hermes/germ5.html]
[apokrif.fullweb.ru/hermes/germ6.html]
[apokrif.fullweb.ru/hermes/germ7.html]
[apokrif.fullweb.ru/hermes/germ8.html]
[apokrif.fullweb.ru/hermes/germ9.html]
[apokrif.fullweb.ru/hermes/germ10.html]
[apokrif.fullweb.ru/hermes/germ11.html]
[apokrif.fullweb.ru/hermes/germ12.html]
[apokrif.fullweb.ru/hermes/germ13.html]
[apokrif.fullweb.ru/hermes/germ14.html]
[apokrif.fullweb.ru/hermes/germ16.html]
[apokrif.fullweb.ru/hermes/germ17.html]
[apokrif.fullweb.ru/hermes/germ18.html]
[apokrif.fullweb.ru/hermes/asklepy.html]
[apokrif.fullweb.ru/hermes/tablica.html]
[apokrif.fullweb.ru/hermes/germ_1.html]
[apokrif.fullweb.ru/hermes/germ_2.html]
[apokrif.fullweb.ru/hermes/germ_3.html]
[apokrif.fullweb.ru/hermes/germ_4.html]
[apokrif.fullweb.ru/hermes/germ_5.html]
[apokrif.fullweb.ru/hermes/icida_to_gor.html]
[apokrif.fullweb.ru/hermes/germ_6.html]
[apokrif.fullweb.ru/gnost/mand_lit.html]
[apokrif.fullweb.ru/gnost/manich_lit.html]
[apokrif.fullweb.ru/kumran/psalom_king_ionafan.html]
[apokrif.fullweb.ru/kumran/bytie.html]
[apokrif.fullweb.ru/kumran/astron_enoch.html]
[apokrif.fullweb.ru/kumran/gymns.html]
[apokrif.fullweb.ru/kumran/blagosl_patr.html]
[apokrif.fullweb.ru/kumran/suns_of_light.html]
[apokrif.fullweb.ru/kumran/voshvalen1.html]
[apokrif.fullweb.ru/kumran/galah_pismo.html]
[apokrif.fullweb.ru/kumran/d_doc.html]
[apokrif.fullweb.ru/kumran/2fragm.html]
[apokrif.fullweb.ru/kumran/deti_spas_1.html]
[apokrif.fullweb.ru/kumran/bar-hoba_docs.html]
[apokrif.fullweb.ru/kumran/calendarn_docum.html]
[apokrif.fullweb.ru/kumran/book_ispolin.html]
[apokrif.fullweb.ru/kumran/book_tain.html]
[apokrif.fullweb.ru/kumran/comm_mihei.html]
[apokrif.fullweb.ru/kumran/komment_a1.html]
[apokrif.fullweb.ru/kumran/naum1.html]
[apokrif.fullweb.ru/kumran/comm_osaii.html]
[apokrif.fullweb.ru/kumran/comm_psalom37.html]
[apokrif.fullweb.ru/kumran/nabonid.html]
[apokrif.fullweb.ru/kumran/levit_a.html]
[apokrif.fullweb.ru/kumran/medn_svitok.html]
[apokrif.fullweb.ru/kumran/mess_sbornik.html]
[apokrif.fullweb.ru/kumran/midrash_melch.html]
[apokrif.fullweb.ru/kumran/mol-enoch.html]
[apokrif.fullweb.ru/kumran/book_enoh1.html]
[apokrif.fullweb.ru/kumran/fragm_pyatikn.html]
[apokrif.fullweb.ru/kumran/pesn_subb_prin.html]
[apokrif.fullweb.ru/kumran/psevdo_yubil.html]
[apokrif.fullweb.ru/kumran/obiln_derevo.html]
[apokrif.fullweb.ru/kumran/rasputn.html]
[apokrif.fullweb.ru/kumran/rit_zak_chist.html]
[apokrif.fullweb.ru/kumran/words_michail.html]
[apokrif.fullweb.ru/kumran/slova_moisea.html]
[apokrif.fullweb.ru/kumran/slova_svet.html]
[apokrif.fullweb.ru/kumran/sobr_posl.html]
[apokrif.fullweb.ru/kumran/targum_iova.html]
[apokrif.fullweb.ru/kumran/ustav.html]
[apokrif.fullweb.ru/kumran/dopoln1.html]
[apokrif.fullweb.ru/kumran/dopoln2.html]
[apokrif.fullweb.ru/kumran/fis_gor.html]
[apokrif.fullweb.ru/kumran/hram_svitok.html]
[apokrif.fullweb.ru/kumran/filakterii_teffilin.html]
[apokrif.fullweb.ru/kumran/florilegium.html]
[apokrif.fullweb.ru/kumran/bookyub-a_b.html]
[apokrif.fullweb.ru/kumran/gymns_fragm1.html]
[apokrif.fullweb.ru/kumran/d_doc2.html]
[apokrif.fullweb.ru/kumran/o_messii.html]
[apokrif.fullweb.ru/kumran/shifr_doc.html]
[apokrif.fullweb.ru/kumran/index.html]
[apokrif.fullweb.ru/kumran/plameni.html]
[apokrif.fullweb.ru/study/loginov3.html]
[apokrif.fullweb.ru/study/loginov4.html]
[apokrif.fullweb.ru/study/ziber.html]
[apokrif.fullweb.ru/nag_hammadi/Evangelie_Egiptyan_2019_rus_lit_per.pdf]
[apokrif.fullweb.ru/study/bernsnev.html]
[apokrif.fullweb.ru/study/diakov.html]
[apokrif.fullweb.ru/study/harlamov.html]
[apokrif.fullweb.ru/study/macdalina.html]
[apokrif.fullweb.ru/study/acts_simon.html]
[apokrif.fullweb.ru/study/kliment.html]
[apokrif.fullweb.ru/study/heraclion1.html]
[apokrif.fullweb.ru/study/valentin.html]
[apokrif.fullweb.ru/study/about_sec_ev_mark.html]
[apokrif.fullweb.ru/study/moma1.html]
[apokrif.fullweb.ru/study/litavrin1.html]
[apokrif.fullweb.ru/study/moma2.html]
[apokrif.fullweb.ru/study/moma3.html]
[apokrif.fullweb.ru/study/robinson-gnost_plot.html]
[apokrif.fullweb.ru/study/moma4.html]
[apokrif.fullweb.ru/study/moma5.html]
[apokrif.fullweb.ru/study/isabel1.html]
[apokrif.fullweb.ru/study/veger1.html]
[apokrif.fullweb.ru/study/kumran-iisus.html]
[apokrif.fullweb.ru/study/macdemont1.html]
[apokrif.fullweb.ru/study/kontur-markion.html]
[apokrif.fullweb.ru/study/afon1.html]
[apokrif.fullweb.ru/study/evluka-markion.html]
[apokrif.fullweb.ru/study/markion4evang.html]
[apokrif.fullweb.ru/study/huan_poyasnenie.html]
[apokrif.fullweb.ru/study/huan_1.html]
[apokrif.fullweb.ru/study/huan_2.html]
[apokrif.fullweb.ru/study/huan_ogl.html]
[apokrif.fullweb.ru/study/dual1.html]
[apokrif.fullweb.ru/study/budanov.html]
[apokrif.fullweb.ru/study/shtokh.html]
[apokrif.fullweb.ru/study/index.html]
[apokrif.fullweb.ru/apocryph1/stranstviya_petra.shtml]
[apokrif.fullweb.ru/apocryph1/jitie_iudi.shtml]
[apokrif.fullweb.ru/apocryph1/rech_spasitelya_i_tanec.shtml]
[apokrif.fullweb.ru/apocryph1/skaz_o_30_serebr.shtml]
[apokrif.fullweb.ru/study/contraiegova.html]
[apokrif.fullweb.ru/gnost/about_pistis.html]
[apokrif.fullweb.ru/gnost/pistis_book1.html]
[apokrif.fullweb.ru/gnost/pistis_book2.html]
[apokrif.fullweb.ru/gnost/pistis_book3.html]
[apokrif.fullweb.ru/gnost/pistis_book4.html]
[apokrif.fullweb.ru/gnost/comment_pistis.html]
[apokrif.fullweb.ru/gnost/pistis1.html]
[apokrif.fullweb.ru/gnost/pistis2.html]
[apokrif.fullweb.ru/gnost/pistis3.html]
[apokrif.fullweb.ru/gnost/pistis4.html]
[apokrif.fullweb.ru/gnost/pistis5.html]
[apokrif.fullweb.ru/gnost/oda_solomon.html]
[apokrif.fullweb.ru/gnost/oda_solomon_c.html]
[apokrif.fullweb.ru/gnost/komments-ieu1.html]
[apokrif.fullweb.ru/gnost/komments-ieu2.html]
[apokrif.fullweb.ru/gnost/cb_text1.html]
[apokrif.fullweb.ru/gnost/put_d.html]
[apokrif.fullweb.ru/gnost/Image1.gif]
[apokrif.fullweb.ru/study/cerkovrimbog.html]
[apokrif.fullweb.ru/gnost/Image2.gif]
[apokrif.fullweb.ru/gnost/gnost_molitva2.html]
[apokrif.fullweb.ru/gnost/Image3.gif]
[apokrif.fullweb.ru/gnost/ev_maria_gnost.html]
[apokrif.fullweb.ru/gnost/b_petr1.html]
[apokrif.fullweb.ru/gnost/beseda_iisus.html]
[apokrif.fullweb.ru/gnost/mol_iosif.html]
[apokrif.fullweb.ru/gnost/ev-iuda.shtml]
[apokrif.fullweb.ru/gnost/about-ev-iuda.shtml]
[apokrif.fullweb.ru/CS Avva Shenouda.ttf]
[apokrif.fullweb.ru/nag_hammadi/35.html]
[apokrif.fullweb.ru/2_sif.html]
[apokrif.fullweb.ru/nag_hammadi/archonts-2.html]
[apokrif.fullweb.ru/nag_hammadi/ap-adam-2.html]
[apokrif.fullweb.ru/kumran/psalom_king_ionafan.html]
[apokrif.fullweb.ru/kumran/bytie.html]
[apokrif.fullweb.ru/kumran/astron_enoch.html]
[apokrif.fullweb.ru/kumran/gymns.html]
[apokrif.fullweb.ru/kumran/blagosl_patr.html]
[apokrif.fullweb.ru/kumran/suns_of_light.html]
[apokrif.fullweb.ru/kumran/voshvalen1.html]
[apokrif.fullweb.ru/kumran/galah_pismo.html]
[apokrif.fullweb.ru/kumran/d_doc.html]
[apokrif.fullweb.ru/kumran/2fragm.html]
[apokrif.fullweb.ru/kumran/deti_spas_1.html]
[apokrif.fullweb.ru/kumran/bar-hoba_docs.html]
[apokrif.fullweb.ru/kumran/calendarn_docum.html]
[apokrif.fullweb.ru/kumran/book_ispolin.html]
[apokrif.fullweb.ru/kumran/book_tain.html]
[apokrif.fullweb.ru/kumran/comm_mihei.html]
[apokrif.fullweb.ru/kumran/komment_a1.html]
[apokrif.fullweb.ru/kumran/naum1.html]
[apokrif.fullweb.ru/kumran/comm_osaii.html]
[apokrif.fullweb.ru/kumran/comm_psalom37.html]
[apokrif.fullweb.ru/kumran/nabonid.html]
[apokrif.fullweb.ru/kumran/levit_a.html]
[apokrif.fullweb.ru/kumran/medn_svitok.html]
[apokrif.fullweb.ru/kumran/mess_sbornik.html]
[apokrif.fullweb.ru/kumran/midrash_melch.html]
[apokrif.fullweb.ru/kumran/mol-enoch.html]
[apokrif.fullweb.ru/kumran/book_enoh1.html]
[apokrif.fullweb.ru/kumran/fragm_pyatikn.html]
[apokrif.fullweb.ru/kumran/pesn_subb_prin.html]
[apokrif.fullweb.ru/kumran/psevdo_yubil.html]
[apokrif.fullweb.ru/kumran/obiln_derevo.html]
[apokrif.fullweb.ru/kumran/rasputn.html]
[apokrif.fullweb.ru/kumran/rit_zak_chist.html]
[apokrif.fullweb.ru/kumran/words_michail.html]
[apokrif.fullweb.ru/kumran/slova_moisea.html]
[apokrif.fullweb.ru/kumran/slova_svet.html]
[apokrif.fullweb.ru/kumran/sobr_posl.html]
[apokrif.fullweb.ru/kumran/targum_iova.html]
[apokrif.fullweb.ru/kumran/ustav.html]
[apokrif.fullweb.ru/kumran/dopoln1.html]
[apokrif.fullweb.ru/kumran/dopoln2.html]
[apokrif.fullweb.ru/kumran/hram_svitok.html]
[apokrif.fullweb.ru/kumran/fis_gor.html]
[apokrif.fullweb.ru/kumran/filakterii_teffilin.html]
[apokrif.fullweb.ru/kumran/florilegium.html]
[apokrif.fullweb.ru/kumran/bookyub-a_b.html]
[apokrif.fullweb.ru/kumran/gymns_fragm1.html]
[apokrif.fullweb.ru/kumran/d_doc2.html]
[apokrif.fullweb.ru/kumran/o_messii.html]
[apokrif.fullweb.ru/kumran/shifr_doc.html]
[apokrif.fullweb.ru/kumran/plameni.html]
[apokrif.fullweb.ru/study/loginov3.html]
[apokrif.fullweb.ru/study/loginov4.html]
[apokrif.fullweb.ru/study/ziber.html]
[apokrif.fullweb.ru/study/bernsnev.html]
[apokrif.fullweb.ru/study/diakov.html]
[apokrif.fullweb.ru/study/harlamov.html]
[apokrif.fullweb.ru/study/macdalina.html]
[apokrif.fullweb.ru/study/acts_simon.html]
[apokrif.fullweb.ru/study/kliment.html]
[apokrif.fullweb.ru/study/valentin.html]
[apokrif.fullweb.ru/study/heraclion1.html]
[apokrif.fullweb.ru/study/about_sec_ev_mark.html]
[apokrif.fullweb.ru/study/moma1.html]
[apokrif.fullweb.ru/study/litavrin1.html]
[apokrif.fullweb.ru/study/moma2.html]
[apokrif.fullweb.ru/study/moma3.html]
[apokrif.fullweb.ru/study/robinson-gnost_plot.html]
[apokrif.fullweb.ru/study/moma4.html]
[apokrif.fullweb.ru/study/moma5.html]
[apokrif.fullweb.ru/study/isabel1.html]
[apokrif.fullweb.ru/study/veger1.html]
[apokrif.fullweb.ru/study/kumran-iisus.html]
[apokrif.fullweb.ru/study/macdemont1.html]
[apokrif.fullweb.ru/study/afon1.html]
[apokrif.fullweb.ru/study/kontur-markion.html]
[apokrif.fullweb.ru/study/evluka-markion.html]
[apokrif.fullweb.ru/study/markion4evang.html]
[apokrif.fullweb.ru/study/huan_poyasnenie.html]
[apokrif.fullweb.ru/study/huan_1.html]
[apokrif.fullweb.ru/study/huan_2.html]
[apokrif.fullweb.ru/study/huan_ogl.html]
[apokrif.fullweb.ru/study/budanov.html]
[apokrif.fullweb.ru/study/dual1.html]
[apokrif.fullweb.ru/study/shtokh.html]
[apokrif.fullweb.ru/study/contraiegova.html]
[apokrif.fullweb.ru/study/cerkovrimbog.html]
[apokrif.fullweb.ru/gnost/Pistis_Sophia_predisl_literatur_per_komm_i_tablici_A_Moma_2009.pdf]
[apokrif.fullweb.ru/gnost/img1.html]
[apokrif.fullweb.ru/pics/bottom.html]
[sodomdiscovery.site40.net/index.html]
[www.sbible.boom.ru/ban.gif]
